<html>
<body>
<pre>
<h1>µVision Build Log</h1>
<h2>Tool Versions:</h2>
IDE-Version: µVision V5.22.0.0
Copyright (C) 2016 ARM Ltd and ARM Germany GmbH. All rights reserved.
License Information: Ivan Ivan, No, LIC=R4HHL-07FK2-JM398-30MSB-7YGSW-GGV2Q
 
Tool Versions:
Toolchain:       MDK-ARM Professional  Version: 5.22
Toolchain Path:  D:\Keil_v5\ARM\ARMCC\Bin
C Compiler:      Armcc.exe V5.06 update 4 (build 422)
Assembler:       Armasm.exe V5.06 update 4 (build 422)
Linker/Locator:  ArmLink.exe V5.06 update 4 (build 422)
Library Manager: ArmAr.exe V5.06 update 4 (build 422)
Hex Converter:   FromElf.exe V5.06 update 4 (build 422)
CPU DLL:         SARMCM3.DLL V5.22
Dialog DLL:      DCM.DLL V1.13.9.0
Target DLL:      STLink\ST-LINKIII-KEIL_SWO.dll V2.0.18.0
Dialog DLL:      TCM.DLL V1.21.0.0
 
<h2>Project:</h2>
C:\Users\Administrator\Desktop\stm32f429-gps-master\Project\STM32F429.uvproj
Project File Date:  03/17/2014

<h2>Output:</h2>
*** Using Compiler 'V5.06 update 4 (build 422)', folder: 'D:\Keil_v5\ARM\ARMCC\Bin'
Rebuild target 'USART_Library'
assembling startup_stm32f429_439xx.s...
compiling system_stm32f4xx.c...
compiling gps.c...
..\mylibs\gps.c(77): warning:  #550-D: parameter "sats"  was set but never used
  void GPS_SatInfo(const char* str, int sats) {
..\mylibs\gps.c: 1 warning, 0 errors
compiling main.c...
main.c(157): warning:  #550-D: variable "text"  was set but never used
  	char text[5];
main.c: 1 warning, 0 errors
compiling usartlib.c...
compiling swo.c...
compiling stm32f4xx_exti.c...
compiling stm32f4xx_dma.c...
compiling stm32f4xx_adc.c...
compiling stm32f4xx_gpio.c...
compiling stm32f4xx_fmc.c...
compiling stm32f4xx_i2c.c...
compiling stm32f4xx_ltdc.c...
compiling stm32f4xx_rtc.c...
compiling stm32f4xx_spi.c...
compiling stm32f4xx_rcc.c...
compiling stm32f4xx_dma2d.c...
compiling misc.c...
compiling stm32f4xx_usart.c...
compiling stm32f4xx_syscfg.c...
compiling stm32f429i_discovery.c...
compiling stm32f429i_discovery_ioe.c...
compiling stm32f429i_discovery_i2c_ee.c...
compiling stm32f429i_discovery_sdram.c...
compiling stm32f429i_discovery_l3gd20.c...
compiling stm32f429i_discovery_lcd.c...
linking...
Program Size: Code=11208 RO-data=16356 RW-data=124 ZI-data=1932  
".\output\STM32F429.axf" - 0 Error(s), 2 Warning(s).
Build Time Elapsed:  00:00:14
</pre>
</body>
</html>
