<html>
<body>
<pre>
<h1>µVision Build Log</h1>
<h2>Tool Versions:</h2>
IDE-Version: µVision V5.17.0.0
Copyright (C) 2015 ARM Ltd and ARM Germany GmbH. All rights reserved.
License Information: Basil Eromenko, Scout, LIC=6XJMM-XP3JR-ULKCE-5DIGZ-RH7EF-WM8I4
 
Tool Versions:
Toolchain:       MDK-ARM Professional  Version: 5.17
Toolchain Path:  C:\Keil_v5\ARM\ARMCC\Bin
C Compiler:      Armcc.exe V5.06 update 1 (build 61)
Assembler:       Armasm.exe V5.06 update 1 (build 61)
Linker/Locator:  ArmLink.exe V5.06 update 1 (build 61)
Library Manager: ArmAr.exe V5.06 update 1 (build 61)
Hex Converter:   FromElf.exe V5.06 update 1 (build 61)
CPU DLL:         SARMCM3.DLL V5.17
Dialog DLL:      DCM.DLL V1.13.4.0
Target DLL:      STLink\ST-LINKIII-KEIL_SWO.dll V2.0.18.0
Dialog DLL:      TCM.DLL V1.14.6.0
 
<h2>Project:</h2>
C:\Users\i.orfanidi\Downloads\en.stm32cubef7\STM32Cube_FW_F7_V1.8.0\Projects\STM32746G-Discovery\Demonstration\STemWin\MDK-ARM\Project.uvprojx
Project File Date:  12/05/2017

<h2>Output:</h2>
*** Using Compiler 'V5.06 update 1 (build 61)', folder: 'C:\Keil_v5\ARM\ARMCC\Bin'
Rebuild target 'STM32F7-DISCO'
compiling usbh_ctlreq.c...
compiling usbh_core.c...
compiling audio_recorder_app.c...
compiling sys_arch.c...
compiling ethernet.c...
compiling usbh_pipes.c...
compiling timeouts.c...
compiling stats.c...
compiling tcp_out.c...
compiling usbh_ioreq.c...
compiling raw.c...
compiling def.c...
compiling tcp.c...
compiling ip.c...
compiling init.c...
compiling mem.c...
compiling inet_chksum.c...
compiling udp.c...
compiling pbuf.c...
compiling dns.c...
compiling netif.c...
compiling memp.c...
compiling sys.c...
compiling tcp_in.c...
compiling ft5336.c...
compiling wm8994.c...
compiling stm32746g_discovery_audio.c...
compiling stm32746g_discovery_sd.c...
compiling home_alarm_win.c...
compiling stm32746g_discovery_sdram.c...
compiling stm32746g_discovery_ts.c...
compiling stm32746g_discovery.c...
compiling netifapi.c...
compiling api_msg.c...
compiling err.c...
compiling api_lib.c...
compiling netdb.c...
compiling tcpip.c...
compiling sockets.c...
compiling netbuf.c...
compiling stm32746g_discovery_qspi.c...
compiling video_player_win.c...
compiling etharp.c...
compiling igmp.c...
compiling ip4_frag.c...
compiling dhcp.c...
compiling icmp.c...
compiling ip4.c...
compiling autoip.c...
compiling ethernetif.c...
compiling ip4_addr.c...
compiling GUI_X_OS.c...
compiling vnc_app.c...
compiling usbh_conf.c...
compiling audio_player_app.c...
compiling vnc_server_win.c...
compiling GUIConf.c...
compiling settings_win.c...
compiling k_storage.c...
compiling LCDConf.c...
compiling k_module.c...
compiling k_rtc.c...
compiling k_menu.c...
compiling stm32f7xx_hal_timebase_tim.c...
compiling stm32f7xx_it.c...
compiling k_startup.c...
compiling main.c...
compiling usbh_msc_bot.c...
compiling k_bsp.c...
compiling usbh_msc_scsi.c...
compiling usbh_msc.c...
compiling ff_gen_drv.c...
compiling diskio.c...
compiling audio_player_win.c...
compiling GUI_AVI.c...
compiling list.c...
compiling event_groups.c...
compiling queue.c...
compiling croutine.c...
compiling timers.c...
compiling tasks.c...
compiling stm32f7xx_hal_dac_ex.c...
compiling ff.c...
compiling gardening_control_win.c...
compiling stm32f7xx_hal_wwdg.c...
compiling stm32f7xx_hal_sram.c...
compiling stm32f7xx_hal_gpio.c...
compiling stm32f7xx_hal_cryp_ex.c...
compiling stm32f7xx_hal_sai.c...
compiling stm32f7xx_hal_rcc.c...
compiling stm32f7xx_hal_adc.c...
compiling stm32f7xx_hal_i2c.c...
compiling stm32f7xx_hal_pwr.c...
compiling stm32f7xx_hal_sai_ex.c...
compiling stm32f7xx_hal_pcd.c...
compiling stm32f7xx_hal_rcc_ex.c...
compiling stm32f7xx_hal_dma2d.c...
compiling stm32f7xx_hal_flash_ex.c...
compiling stm32f7xx_hal_dcmi.c...
compiling stm32f7xx_hal_spi.c...
compiling stm32f7xx_hal_crc_ex.c...
compiling stm32f7xx_hal_ltdc.c...
compiling stm32f7xx_hal_cec.c...
compiling stm32f7xx_hal_hash_ex.c...
compiling stm32f7xx_hal_rng.c...
compiling stm32f7xx_hal_iwdg.c...
compiling stm32f7xx_ll_sdmmc.c...
compiling stm32f7xx_hal_crc.c...
compiling stm32f7xx_hal_irda.c...
compiling stm32f7xx_hal.c...
compiling stm32f7xx_hal_qspi.c...
compiling stm32f7xx_hal_dma.c...
compiling stm32f7xx_hal_smartcard_ex.c...
compiling stm32f7xx_hal_sd.c...
compiling stm32f7xx_hal_hash.c...
compiling stm32f7xx_hal_i2s.c...
compiling stm32f7xx_ll_usb.c...
compiling stm32f7xx_hal_adc_ex.c...
compiling stm32f7xx_hal_dac.c...
compiling stm32f7xx_hal_sdram.c...
compiling stm32f7xx_hal_hcd.c...
compiling stm32f7xx_hal_cortex.c...
compiling stm32f7xx_hal_dma_ex.c...
compiling stm32f7xx_hal_uart.c...
compiling stm32f7xx_hal_usart.c...
compiling stm32f7xx_hal_spdifrx.c...
compiling stm32f7xx_hal_lptim.c...
compiling stm32f7xx_ll_fmc.c...
compiling stm32f7xx_hal_pcd_ex.c...
compiling stm32f7xx_hal_rtc.c...
compiling stm32f7xx_hal_smartcard.c...
compiling stm32f7xx_hal_tim_ex.c...
compiling stm32f7xx_hal_i2c_ex.c...
compiling stm32f7xx_hal_flash.c...
compiling stm32f7xx_hal_rtc_ex.c...
compiling stm32f7xx_hal_cryp.c...
compiling stm32f7xx_hal_nor.c...
compiling stm32f7xx_hal_pwr_ex.c...
compiling stm32f7xx_hal_can.c...
compiling stm32f7xx_hal_eth.c...
compiling stm32f7xx_hal_tim.c...
compiling usbh_diskio.c...
compiling audio_if.c...
compiling audio_recorder_win.c...
compiling cmsis_os.c...
compiling port.c...
compiling heap_4.c...
compiling system_stm32f7xx.c...
compiling syscall.c...
compiling cpu_utils.c...
assembling startup_stm32f746xx.s...
compiling games_win.c...
compiling unicode.c...
linking...
Program Size: Code=289316 RO-data=5225524 RW-data=3800 ZI-data=293208  
FromELF: creating hex file...
"STM32F7-DISCO\Exe\STM327x6G-DISCO_Demo.axf" - 0 Error(s), 0 Warning(s).

<h2>Software Packages used:</h2>

Package Vendor: ARM
                http://www.keil.com/pack/ARM.CMSIS.4.5.0.pack
                ARM::CMSIS:CORE:4.3.0
                CMSIS (Cortex Microcontroller Software Interface Standard)
   * Component: CORE Version: 4.3.0

<h2>Collection of Component include folders:</h2>
  C:\Users\i.orfanidi\Downloads\en.stm32cubef7\STM32Cube_FW_F7_V1.8.0\Projects\STM32746G-Discovery\Demonstration\STemWin\MDK-ARM\RTE
  C:\Keil_v5\ARM\PACK\ARM\CMSIS\4.5.0\CMSIS\Include
  C:\Keil_v5\ARM\PACK\Keil\STM32F7xx_DFP\2.9.0\Drivers\CMSIS\Device\ST\STM32F7xx\Include

<h2>Collection of Component Files used:</h2>

   * Component: ARM::CMSIS:CORE:4.3.0
Build Time Elapsed:  00:05:52
</pre>
</body>
</html>
